RH134-CH5-GUIA-investigating-and-resolving-selinux-issues

1.- conexion al servera
$ ssh student@servera

2.- become root
$ sudo -i

3.- hay un error al momento de tratar de abrir el sitio http://servera/index.html

4.- usando less podemos ir revisando el archivo de log /var/log/messages
podemos buscar sealert con el caracter /

$ less /var/log/messages
/sealert

sealert -l xxx....x..x.x.

5.- ejecutamos el sugerido sealert 
$ sealert -l xxx....x..x.x.

6.- para revisar en /var/log/audit/audit.log
-m -> tipo de mensaje
-ts -> busqueda basada en tiempo 
$ ausearch -m AVC -ts recent

7.- cambiamos el contexto segun el contexto que corresponda a http usando semanage fcontext
luego ralizar el relabel con restorecon 

$ semanage fcontext -a -t httpd_sys_content_t '/custom(/.*)?'

$ restorecon -RFvv /custom

8.- Abriendo el sitio http://servera/index.html 
deberiamos ver el contenido 


